╭─Message Assistant──╮╭─Conversation───────────────────────────╮
│[37m[m[7m [m                   ││                                        │
│[37m[m[30m                    [m││  test                                  │
│[37m[m[30m                    [m││                                        │
╰────────────────────╯│                                        │
╭─Conversations──────╮│                                        │
│                    ││                                        │
│                    ││                                        │
│                    ││                                        │
│                    ││                                        │
│                    ││                                        │
│                    ││                                        │
│                    ││                                        │
│                    ││                                        │
│                    ││                                        │
╰────────────────────╯╰────────────────────────────────────────╯