[32m╭─[0mMessage Assistant[32m──╮[m╭─Thread─────────────────────────────────╮
[32m│[m[37m[m[7m [m                   [32m│[m│                                        │
[32m│[m[37m[m[30m                    [m[32m│[m│  test                                  │
[32m│[m[37m[m[30m                    [m[32m│[m│                                        │
[32m╰────────────────────╯[m│                                        │
╭─Threads────────────╮│                                        │
│                    ││                                        │
│                    ││                                        │
│                    ││                                        │
│                    ││                                        │
│                    ││                                        │
│                    ││                                        │
│                    ││                                        │
│                    ││                                        │
│                    ││                                        │
╰────────────────────╯╰────────────────────────────────────────╯