[32m╭─[0m[1;32mContext[m[32m───────────╮[m╭─Messages────────────────────────────────╮
[32m│[m[44m Test context item[m[32m│[m│                                         │
[32m│[m                   [32m│[m│                                         │
[32m│[m                   [32m│[m│                                         │
[32m│[m                   [32m│[m│                                         │
[32m│[m                   [32m│[m│                                         │
[32m│[m                   [32m│[m│                                         │
[32m│[m                   [32m│[m│                                         │
[32m│[m                   [32m│[m│                                         │
[32m│[m                   [32m│[m│                                         │
[32m│[m                   [32m│[m│                                         │
[32m│[m                   [32m│[m│                                         │
[32m│[m                   [32m│[m│                                         │
[32m│[m                   [32m│[m│                                         │
[32m│[m                   [32m│[m│                                         │
[32m╰───────────────────╯[m╰─────────────────────────────────────────╯