╭─Context───────────╮╭─Messages────────────────────────────────╮
│[38;2;98;98;98mNo Context.[m        ││                                         │
│                   ││                                         │
│                   ││  test                                   │
│                   ││                                         │
│                   ││                                         │
│                   ││                                         │
│                   ││                                         │
│                   ││                                         │
│                   ││                                         │
╰───────────────────╯╰─────────────────────────────────────────╯
[32m╭─[0m[1;32mMessage Assistant[m[32m────────────────────────────────────────────╮[m
[32m│[m[37m[m[7;37m [m                                                             [32m│[m
[32m│[m[30m                                                              [m[32m│[m
[32m│[m[30m                                                              [m[32m│[m
[32m╰──────────────────────────────────────────────────────────────╯[m