╭─Context───────────╮╭─Messages────────────────────────────────╮
│[38;2;98;98;98mNo Context.[m        ││                                         │
│                   ││                                         │
│                   ││                                         │
│                   ││                                         │
│                   ││                                         │
│               [32m╭─[0m[1;32mError[m[32m────────────────────────╮[m               │
│               [32m│[mtest error                    [32m│[m               │
│               [32m╰──────────────────────────────╯[m               │
│                   ││                                         │
│                   ││                                         │
│                   ││                                         │
│                   ││                                         │
│                   ││                                         │
│                   ││                                         │
╰───────────────────╯╰─────────────────────────────────────────╯