[32m╭─[0m[1;32mContext[m[32m───────────╮[m╭─Messages────────────────────────────────╮
[32m│[m[38;2;98;98;98mNo Context.[m        [32m│[m│  2                                      │
[32m│[m                   [32m│[m│                                         │
[32m│[m                   [32m│[m│  3                                      │
[32m│[m                   [32m│[m│                                         │
[32m│[m                   [32m│[m│  4                                      │
[32m│[m                   [32m│[m│                                         │
[32m│[m                   [32m│[m│  5                                      │
[32m│[m                   [32m│[m│                                         │
[32m│[m                   [32m│[m│  6                                      │
[32m│[m                   [32m│[m│                                         │
[32m│[m                   [32m│[m│  7                                      │
[32m│[m                   [32m│[m│                                         │
[32m│[m                   [32m│[m│  8                                      │
[32m│[m                   [32m│[m│                                         │
[32m╰───────────────────╯[m╰─────────────────────────────────────────╯