[32m╭───────────────────╮[m╭─Messages────────────────────────────────╮
[32m│[m[37m[m[7;37m [m                  [32m│[m│                                         │
[32m│[m[30m                   [m[32m│[m│                                         │
[32m│[m[30m                   [m[32m│[m│                                         │
[32m╰───────────────────╯[m│                                         │
╭─Context───────────╮│                                         │
│ Test context item││                                         │
│                   ││                                         │
│                   ││                                         │
│                   ││                                         │
│                   ││                                         │
│                   ││                                         │
│                   ││                                         │
│                   ││                                         │
│                   ││                                         │
╰───────────────────╯╰─────────────────────────────────────────╯